Archive member included because of file (symbol)

../libser.a(libser.o)         ./my_uart_init.o (uart0_tx_byte)
c:/users/dale/desktop/enel317/eclipse/eclipse/mhv avr tools/bin/../lib/gcc/avr/4.7.1/avr5\libgcc.a(_umulhisi3.o)
                              ./my_uart_init.o (__umulhisi3)
c:/users/dale/desktop/enel317/eclipse/eclipse/mhv avr tools/bin/../lib/gcc/avr/4.7.1/avr5\libgcc.a(_udivmodhi4.o)
                              ../libser.a(libser.o) (__udivmodhi4)
c:/users/dale/desktop/enel317/eclipse/eclipse/mhv avr tools/bin/../lib/gcc/avr/4.7.1/avr5\libgcc.a(_divmodsi4.o)
                              ./my_uart_init.o (__divmodsi4)
c:/users/dale/desktop/enel317/eclipse/eclipse/mhv avr tools/bin/../lib/gcc/avr/4.7.1/avr5\libgcc.a(_exit.o)
                              c:/users/dale/desktop/enel317/eclipse/eclipse/mhv avr tools/bin/../lib/gcc/avr/4.7.1/../../../../avr/lib/avr5/crtm328p.o (exit)
c:/users/dale/desktop/enel317/eclipse/eclipse/mhv avr tools/bin/../lib/gcc/avr/4.7.1/avr5\libgcc.a(_clear_bss.o)
                              ../libser.a(libser.o) (__do_clear_bss)
c:/users/dale/desktop/enel317/eclipse/eclipse/mhv avr tools/bin/../lib/gcc/avr/4.7.1/avr5\libgcc.a(_udivmodsi4.o)
                              c:/users/dale/desktop/enel317/eclipse/eclipse/mhv avr tools/bin/../lib/gcc/avr/4.7.1/avr5\libgcc.a(_divmodsi4.o) (__udivmodsi4)

Memory Configuration

Name             Origin             Length             Attributes
text             0x00000000         0x00020000         xr
data             0x00800060         0x0000ffa0         rw !x
eeprom           0x00810000         0x00010000         rw !x
fuse             0x00820000         0x00000400         rw !x
lock             0x00830000         0x00000400         rw !x
signature        0x00840000         0x00000400         rw !x
*default*        0x00000000         0xffffffff

Linker script and memory map

Address of section .data set to 0x800100
LOAD c:/users/dale/desktop/enel317/eclipse/eclipse/mhv avr tools/bin/../lib/gcc/avr/4.7.1/../../../../avr/lib/avr5/crtm328p.o
LOAD ./my_uart_init.o
LOAD ../libmy_lcd.a
LOAD ../libser.a
LOAD c:/users/dale/desktop/enel317/eclipse/eclipse/mhv avr tools/bin/../lib/gcc/avr/4.7.1/avr5\libgcc.a
LOAD c:/users/dale/desktop/enel317/eclipse/eclipse/mhv avr tools/bin/../lib/gcc/avr/4.7.1/../../../../avr/lib/avr5\libc.a
LOAD c:/users/dale/desktop/enel317/eclipse/eclipse/mhv avr tools/bin/../lib/gcc/avr/4.7.1/avr5\libgcc.a

.hash
 *(.hash)

.dynsym
 *(.dynsym)

.dynstr
 *(.dynstr)

.gnu.version
 *(.gnu.version)

.gnu.version_d
 *(.gnu.version_d)

.gnu.version_r
 *(.gnu.version_r)

.rel.init
 *(.rel.init)

.rela.init
 *(.rela.init)

.rel.text
 *(.rel.text)
 *(.rel.text.*)
 *(.rel.gnu.linkonce.t*)

.rela.text
 *(.rela.text)
 *(.rela.text.*)
 *(.rela.gnu.linkonce.t*)

.rel.fini
 *(.rel.fini)

.rela.fini
 *(.rela.fini)

.rel.rodata
 *(.rel.rodata)
 *(.rel.rodata.*)
 *(.rel.gnu.linkonce.r*)

.rela.rodata
 *(.rela.rodata)
 *(.rela.rodata.*)
 *(.rela.gnu.linkonce.r*)

.rel.data
 *(.rel.data)
 *(.rel.data.*)
 *(.rel.gnu.linkonce.d*)

.rela.data
 *(.rela.data)
 *(.rela.data.*)
 *(.rela.gnu.linkonce.d*)

.rel.ctors
 *(.rel.ctors)

.rela.ctors
 *(.rela.ctors)

.rel.dtors
 *(.rel.dtors)

.rela.dtors
 *(.rela.dtors)

.rel.got
 *(.rel.got)

.rela.got
 *(.rela.got)

.rel.bss
 *(.rel.bss)

.rela.bss
 *(.rela.bss)

.rel.plt
 *(.rel.plt)

.rela.plt
 *(.rela.plt)

.text           0x00000000      0x472
 *(.vectors)
 .vectors       0x00000000       0x68 c:/users/dale/desktop/enel317/eclipse/eclipse/mhv avr tools/bin/../lib/gcc/avr/4.7.1/../../../../avr/lib/avr5/crtm328p.o
                0x00000000                __vector_default
                0x00000000                __vectors
 *(.vectors)
 *(.progmem.gcc*)
 *(.progmem*)
                0x00000068                . = ALIGN (0x2)
                0x00000068                __trampolines_start = .
 *(.trampolines)
 .trampolines   0x00000068        0x0 linker stubs
 *(.trampolines*)
                0x00000068                __trampolines_end = .
 *(.jumptables)
 *(.jumptables*)
 *(.lowtext)
 *(.lowtext*)
                0x00000068                __ctors_start = .
 *(.ctors)
                0x00000068                __ctors_end = .
                0x00000068                __dtors_start = .
 *(.dtors)
                0x00000068                __dtors_end = .
 SORT(*)(.ctors)
 SORT(*)(.dtors)
 *(.init0)
 .init0         0x00000068        0x0 c:/users/dale/desktop/enel317/eclipse/eclipse/mhv avr tools/bin/../lib/gcc/avr/4.7.1/../../../../avr/lib/avr5/crtm328p.o
                0x00000068                __init
 *(.init0)
 *(.init1)
 *(.init1)
 *(.init2)
 .init2         0x00000068        0xc c:/users/dale/desktop/enel317/eclipse/eclipse/mhv avr tools/bin/../lib/gcc/avr/4.7.1/../../../../avr/lib/avr5/crtm328p.o
 *(.init2)
 *(.init3)
 *(.init3)
 *(.init4)
 .init4         0x00000074       0x10 c:/users/dale/desktop/enel317/eclipse/eclipse/mhv avr tools/bin/../lib/gcc/avr/4.7.1/avr5\libgcc.a(_clear_bss.o)
                0x00000074                __do_clear_bss
 *(.init4)
 *(.init5)
 *(.init5)
 *(.init6)
 *(.init6)
 *(.init7)
 *(.init7)
 *(.init8)
 *(.init8)
 *(.init9)
 .init9         0x00000084        0x8 c:/users/dale/desktop/enel317/eclipse/eclipse/mhv avr tools/bin/../lib/gcc/avr/4.7.1/../../../../avr/lib/avr5/crtm328p.o
 *(.init9)
 *(.text)
 .text          0x0000008c        0x4 c:/users/dale/desktop/enel317/eclipse/eclipse/mhv avr tools/bin/../lib/gcc/avr/4.7.1/../../../../avr/lib/avr5/crtm328p.o
                0x0000008c                __vector_22
                0x0000008c                __vector_1
                0x0000008c                __vector_24
                0x0000008c                __vector_12
                0x0000008c                __bad_interrupt
                0x0000008c                __vector_6
                0x0000008c                __vector_3
                0x0000008c                __vector_23
                0x0000008c                __vector_25
                0x0000008c                __vector_11
                0x0000008c                __vector_13
                0x0000008c                __vector_17
                0x0000008c                __vector_7
                0x0000008c                __vector_5
                0x0000008c                __vector_4
                0x0000008c                __vector_9
                0x0000008c                __vector_2
                0x0000008c                __vector_21
                0x0000008c                __vector_15
                0x0000008c                __vector_8
                0x0000008c                __vector_14
                0x0000008c                __vector_10
                0x0000008c                __vector_16
                0x0000008c                __vector_20
 .text          0x00000090        0x0 ./my_uart_init.o
 .text          0x00000090      0x2c4 ../libser.a(libser.o)
                0x00000090                uart0_init
                0x000000c0                __vector_18
                0x00000100                uart0_rx_byte
                0x00000146                __vector_19
                0x000001bc                uart0_tx_byte
                0x00000202                uart0_fgetc
                0x00000222                uart0_fputc
                0x00000252                uart0_gets
                0x000002a4                uart0_gets_echo
                0x00000326                uart0_puts
 .text          0x00000354        0x0 c:/users/dale/desktop/enel317/eclipse/eclipse/mhv avr tools/bin/../lib/gcc/avr/4.7.1/avr5\libgcc.a(_umulhisi3.o)
 .text          0x00000354        0x0 c:/users/dale/desktop/enel317/eclipse/eclipse/mhv avr tools/bin/../lib/gcc/avr/4.7.1/avr5\libgcc.a(_udivmodhi4.o)
 .text          0x00000354        0x0 c:/users/dale/desktop/enel317/eclipse/eclipse/mhv avr tools/bin/../lib/gcc/avr/4.7.1/avr5\libgcc.a(_divmodsi4.o)
 .text          0x00000354        0x0 c:/users/dale/desktop/enel317/eclipse/eclipse/mhv avr tools/bin/../lib/gcc/avr/4.7.1/avr5\libgcc.a(_exit.o)
 .text          0x00000354        0x0 c:/users/dale/desktop/enel317/eclipse/eclipse/mhv avr tools/bin/../lib/gcc/avr/4.7.1/avr5\libgcc.a(_clear_bss.o)
 .text          0x00000354        0x0 c:/users/dale/desktop/enel317/eclipse/eclipse/mhv avr tools/bin/../lib/gcc/avr/4.7.1/avr5\libgcc.a(_udivmodsi4.o)
                0x00000354                . = ALIGN (0x2)
 *(.text.*)
 .text.my_uart0_init
                0x00000354       0x3a ./my_uart_init.o
                0x00000354                my_uart0_init
 .text.my_uart0_rx_byte
                0x0000038e        0xe ./my_uart_init.o
                0x0000038e                my_uart0_rx_byte
 .text.startup.main
                0x0000039c       0x16 ./my_uart_init.o
                0x0000039c                main
 .text.libgcc.mul
                0x000003b2       0x18 c:/users/dale/desktop/enel317/eclipse/eclipse/mhv avr tools/bin/../lib/gcc/avr/4.7.1/avr5\libgcc.a(_umulhisi3.o)
                0x000003b2                __umulhisi3
 .text.libgcc.div
                0x000003ca        0x0 c:/users/dale/desktop/enel317/eclipse/eclipse/mhv avr tools/bin/../lib/gcc/avr/4.7.1/avr5\libgcc.a(_umulhisi3.o)
 .text.libgcc   0x000003ca        0x0 c:/users/dale/desktop/enel317/eclipse/eclipse/mhv avr tools/bin/../lib/gcc/avr/4.7.1/avr5\libgcc.a(_umulhisi3.o)
 .text.libgcc.prologue
                0x000003ca        0x0 c:/users/dale/desktop/enel317/eclipse/eclipse/mhv avr tools/bin/../lib/gcc/avr/4.7.1/avr5\libgcc.a(_umulhisi3.o)
 .text.libgcc.builtins
                0x000003ca        0x0 c:/users/dale/desktop/enel317/eclipse/eclipse/mhv avr tools/bin/../lib/gcc/avr/4.7.1/avr5\libgcc.a(_umulhisi3.o)
 .text.libgcc.fmul
                0x000003ca        0x0 c:/users/dale/desktop/enel317/eclipse/eclipse/mhv avr tools/bin/../lib/gcc/avr/4.7.1/avr5\libgcc.a(_umulhisi3.o)
 .text.libgcc.mul
                0x000003ca        0x0 c:/users/dale/desktop/enel317/eclipse/eclipse/mhv avr tools/bin/../lib/gcc/avr/4.7.1/avr5\libgcc.a(_udivmodhi4.o)
 .text.libgcc.div
                0x000003ca       0x28 c:/users/dale/desktop/enel317/eclipse/eclipse/mhv avr tools/bin/../lib/gcc/avr/4.7.1/avr5\libgcc.a(_udivmodhi4.o)
                0x000003ca                __udivmodhi4
 .text.libgcc   0x000003f2        0x0 c:/users/dale/desktop/enel317/eclipse/eclipse/mhv avr tools/bin/../lib/gcc/avr/4.7.1/avr5\libgcc.a(_udivmodhi4.o)
 .text.libgcc.prologue
                0x000003f2        0x0 c:/users/dale/desktop/enel317/eclipse/eclipse/mhv avr tools/bin/../lib/gcc/avr/4.7.1/avr5\libgcc.a(_udivmodhi4.o)
 .text.libgcc.builtins
                0x000003f2        0x0 c:/users/dale/desktop/enel317/eclipse/eclipse/mhv avr tools/bin/../lib/gcc/avr/4.7.1/avr5\libgcc.a(_udivmodhi4.o)
 .text.libgcc.fmul
                0x000003f2        0x0 c:/users/dale/desktop/enel317/eclipse/eclipse/mhv avr tools/bin/../lib/gcc/avr/4.7.1/avr5\libgcc.a(_udivmodhi4.o)
 .text.libgcc.mul
                0x000003f2        0x0 c:/users/dale/desktop/enel317/eclipse/eclipse/mhv avr tools/bin/../lib/gcc/avr/4.7.1/avr5\libgcc.a(_divmodsi4.o)
 .text.libgcc.div
                0x000003f2       0x38 c:/users/dale/desktop/enel317/eclipse/eclipse/mhv avr tools/bin/../lib/gcc/avr/4.7.1/avr5\libgcc.a(_divmodsi4.o)
                0x000003f2                __divmodsi4
 .text.libgcc   0x0000042a        0x0 c:/users/dale/desktop/enel317/eclipse/eclipse/mhv avr tools/bin/../lib/gcc/avr/4.7.1/avr5\libgcc.a(_divmodsi4.o)
 .text.libgcc.prologue
                0x0000042a        0x0 c:/users/dale/desktop/enel317/eclipse/eclipse/mhv avr tools/bin/../lib/gcc/avr/4.7.1/avr5\libgcc.a(_divmodsi4.o)
 .text.libgcc.builtins
                0x0000042a        0x0 c:/users/dale/desktop/enel317/eclipse/eclipse/mhv avr tools/bin/../lib/gcc/avr/4.7.1/avr5\libgcc.a(_divmodsi4.o)
 .text.libgcc.fmul
                0x0000042a        0x0 c:/users/dale/desktop/enel317/eclipse/eclipse/mhv avr tools/bin/../lib/gcc/avr/4.7.1/avr5\libgcc.a(_divmodsi4.o)
 .text.libgcc.mul
                0x0000042a        0x0 c:/users/dale/desktop/enel317/eclipse/eclipse/mhv avr tools/bin/../lib/gcc/avr/4.7.1/avr5\libgcc.a(_exit.o)
 .text.libgcc.div
                0x0000042a        0x0 c:/users/dale/desktop/enel317/eclipse/eclipse/mhv avr tools/bin/../lib/gcc/avr/4.7.1/avr5\libgcc.a(_exit.o)
 .text.libgcc   0x0000042a        0x0 c:/users/dale/desktop/enel317/eclipse/eclipse/mhv avr tools/bin/../lib/gcc/avr/4.7.1/avr5\libgcc.a(_exit.o)
 .text.libgcc.prologue
                0x0000042a        0x0 c:/users/dale/desktop/enel317/eclipse/eclipse/mhv avr tools/bin/../lib/gcc/avr/4.7.1/avr5\libgcc.a(_exit.o)
 .text.libgcc.builtins
                0x0000042a        0x0 c:/users/dale/desktop/enel317/eclipse/eclipse/mhv avr tools/bin/../lib/gcc/avr/4.7.1/avr5\libgcc.a(_exit.o)
 .text.libgcc.fmul
                0x0000042a        0x0 c:/users/dale/desktop/enel317/eclipse/eclipse/mhv avr tools/bin/../lib/gcc/avr/4.7.1/avr5\libgcc.a(_exit.o)
 .text.libgcc.mul
                0x0000042a        0x0 c:/users/dale/desktop/enel317/eclipse/eclipse/mhv avr tools/bin/../lib/gcc/avr/4.7.1/avr5\libgcc.a(_clear_bss.o)
 .text.libgcc.div
                0x0000042a        0x0 c:/users/dale/desktop/enel317/eclipse/eclipse/mhv avr tools/bin/../lib/gcc/avr/4.7.1/avr5\libgcc.a(_clear_bss.o)
 .text.libgcc   0x0000042a        0x0 c:/users/dale/desktop/enel317/eclipse/eclipse/mhv avr tools/bin/../lib/gcc/avr/4.7.1/avr5\libgcc.a(_clear_bss.o)
 .text.libgcc.prologue
                0x0000042a        0x0 c:/users/dale/desktop/enel317/eclipse/eclipse/mhv avr tools/bin/../lib/gcc/avr/4.7.1/avr5\libgcc.a(_clear_bss.o)
 .text.libgcc.builtins
                0x0000042a        0x0 c:/users/dale/desktop/enel317/eclipse/eclipse/mhv avr tools/bin/../lib/gcc/avr/4.7.1/avr5\libgcc.a(_clear_bss.o)
 .text.libgcc.fmul
                0x0000042a        0x0 c:/users/dale/desktop/enel317/eclipse/eclipse/mhv avr tools/bin/../lib/gcc/avr/4.7.1/avr5\libgcc.a(_clear_bss.o)
 .text.libgcc.mul
                0x0000042a        0x0 c:/users/dale/desktop/enel317/eclipse/eclipse/mhv avr tools/bin/../lib/gcc/avr/4.7.1/avr5\libgcc.a(_udivmodsi4.o)
 .text.libgcc.div
                0x0000042a       0x44 c:/users/dale/desktop/enel317/eclipse/eclipse/mhv avr tools/bin/../lib/gcc/avr/4.7.1/avr5\libgcc.a(_udivmodsi4.o)
                0x0000042a                __udivmodsi4
 .text.libgcc   0x0000046e        0x0 c:/users/dale/desktop/enel317/eclipse/eclipse/mhv avr tools/bin/../lib/gcc/avr/4.7.1/avr5\libgcc.a(_udivmodsi4.o)
 .text.libgcc.prologue
                0x0000046e        0x0 c:/users/dale/desktop/enel317/eclipse/eclipse/mhv avr tools/bin/../lib/gcc/avr/4.7.1/avr5\libgcc.a(_udivmodsi4.o)
 .text.libgcc.builtins
                0x0000046e        0x0 c:/users/dale/desktop/enel317/eclipse/eclipse/mhv avr tools/bin/../lib/gcc/avr/4.7.1/avr5\libgcc.a(_udivmodsi4.o)
 .text.libgcc.fmul
                0x0000046e        0x0 c:/users/dale/desktop/enel317/eclipse/eclipse/mhv avr tools/bin/../lib/gcc/avr/4.7.1/avr5\libgcc.a(_udivmodsi4.o)
                0x0000046e                . = ALIGN (0x2)
 *(.fini9)
 .fini9         0x0000046e        0x0 c:/users/dale/desktop/enel317/eclipse/eclipse/mhv avr tools/bin/../lib/gcc/avr/4.7.1/avr5\libgcc.a(_exit.o)
                0x0000046e                _exit
                0x0000046e                exit
 *(.fini9)
 *(.fini8)
 *(.fini8)
 *(.fini7)
 *(.fini7)
 *(.fini6)
 *(.fini6)
 *(.fini5)
 *(.fini5)
 *(.fini4)
 *(.fini4)
 *(.fini3)
 *(.fini3)
 *(.fini2)
 *(.fini2)
 *(.fini1)
 *(.fini1)
 *(.fini0)
 .fini0         0x0000046e        0x4 c:/users/dale/desktop/enel317/eclipse/eclipse/mhv avr tools/bin/../lib/gcc/avr/4.7.1/avr5\libgcc.a(_exit.o)
 *(.fini0)
                0x00000472                _etext = .

.data           0x00800100        0x0 load address 0x00000472
                0x00800100                PROVIDE (__data_start, .)
 *(.data)
 .data          0x00800100        0x0 c:/users/dale/desktop/enel317/eclipse/eclipse/mhv avr tools/bin/../lib/gcc/avr/4.7.1/../../../../avr/lib/avr5/crtm328p.o
 .data          0x00800100        0x0 ./my_uart_init.o
 .data          0x00800100        0x0 ../libser.a(libser.o)
 .data          0x00800100        0x0 c:/users/dale/desktop/enel317/eclipse/eclipse/mhv avr tools/bin/../lib/gcc/avr/4.7.1/avr5\libgcc.a(_umulhisi3.o)
 .data          0x00800100        0x0 c:/users/dale/desktop/enel317/eclipse/eclipse/mhv avr tools/bin/../lib/gcc/avr/4.7.1/avr5\libgcc.a(_udivmodhi4.o)
 .data          0x00800100        0x0 c:/users/dale/desktop/enel317/eclipse/eclipse/mhv avr tools/bin/../lib/gcc/avr/4.7.1/avr5\libgcc.a(_divmodsi4.o)
 .data          0x00800100        0x0 c:/users/dale/desktop/enel317/eclipse/eclipse/mhv avr tools/bin/../lib/gcc/avr/4.7.1/avr5\libgcc.a(_exit.o)
 .data          0x00800100        0x0 c:/users/dale/desktop/enel317/eclipse/eclipse/mhv avr tools/bin/../lib/gcc/avr/4.7.1/avr5\libgcc.a(_clear_bss.o)
 .data          0x00800100        0x0 c:/users/dale/desktop/enel317/eclipse/eclipse/mhv avr tools/bin/../lib/gcc/avr/4.7.1/avr5\libgcc.a(_udivmodsi4.o)
 *(.data*)
 *(.rodata)
 *(.rodata*)
 *(.gnu.linkonce.d*)
                0x00800100                . = ALIGN (0x2)
                0x00800100                _edata = .
                0x00800100                PROVIDE (__data_end, .)

.bss            0x00800100       0x22
                0x00800100                PROVIDE (__bss_start, .)
 *(.bss)
 .bss           0x00800100        0x0 c:/users/dale/desktop/enel317/eclipse/eclipse/mhv avr tools/bin/../lib/gcc/avr/4.7.1/../../../../avr/lib/avr5/crtm328p.o
 .bss           0x00800100        0x0 ./my_uart_init.o
 .bss           0x00800100       0x22 ../libser.a(libser.o)
 .bss           0x00800122        0x0 c:/users/dale/desktop/enel317/eclipse/eclipse/mhv avr tools/bin/../lib/gcc/avr/4.7.1/avr5\libgcc.a(_umulhisi3.o)
 .bss           0x00800122        0x0 c:/users/dale/desktop/enel317/eclipse/eclipse/mhv avr tools/bin/../lib/gcc/avr/4.7.1/avr5\libgcc.a(_udivmodhi4.o)
 .bss           0x00800122        0x0 c:/users/dale/desktop/enel317/eclipse/eclipse/mhv avr tools/bin/../lib/gcc/avr/4.7.1/avr5\libgcc.a(_divmodsi4.o)
 .bss           0x00800122        0x0 c:/users/dale/desktop/enel317/eclipse/eclipse/mhv avr tools/bin/../lib/gcc/avr/4.7.1/avr5\libgcc.a(_exit.o)
 .bss           0x00800122        0x0 c:/users/dale/desktop/enel317/eclipse/eclipse/mhv avr tools/bin/../lib/gcc/avr/4.7.1/avr5\libgcc.a(_clear_bss.o)
 .bss           0x00800122        0x0 c:/users/dale/desktop/enel317/eclipse/eclipse/mhv avr tools/bin/../lib/gcc/avr/4.7.1/avr5\libgcc.a(_udivmodsi4.o)
 *(.bss*)
 *(COMMON)
                0x00800122                PROVIDE (__bss_end, .)
                0x00000472                __data_load_start = LOADADDR (.data)
                0x00000472                __data_load_end = (__data_load_start + SIZEOF (.data))

.noinit         0x00800122        0x0
                0x00800122                PROVIDE (__noinit_start, .)
 *(.noinit*)
                0x00800122                PROVIDE (__noinit_end, .)
                0x00800122                _end = .
                0x00800122                PROVIDE (__heap_start, .)

.eeprom         0x00810000        0x0
 *(.eeprom*)
                0x00810000                __eeprom_end = .

.fuse
 *(.fuse)
 *(.lfuse)
 *(.hfuse)
 *(.efuse)

.lock
 *(.lock*)

.signature
 *(.signature*)

.stab
 *(.stab)

.stabstr
 *(.stabstr)

.stab.excl
 *(.stab.excl)

.stab.exclstr
 *(.stab.exclstr)

.stab.index
 *(.stab.index)

.stab.indexstr
 *(.stab.indexstr)

.comment        0x00000000       0x22
 *(.comment)
 .comment       0x00000000       0x11 ./my_uart_init.o
                                 0x12 (size before relaxing)
 .comment       0x00000011       0x11 ../libser.a(libser.o)
                                 0x12 (size before relaxing)

.debug
 *(.debug)

.line
 *(.line)

.debug_srcinfo
 *(.debug_srcinfo)

.debug_sfnames
 *(.debug_sfnames)

.debug_aranges
 *(.debug_aranges)

.debug_pubnames
 *(.debug_pubnames)

.debug_info
 *(.debug_info)
 *(.gnu.linkonce.wi.*)

.debug_abbrev
 *(.debug_abbrev)

.debug_line
 *(.debug_line)

.debug_frame
 *(.debug_frame)

.debug_str
 *(.debug_str)

.debug_loc
 *(.debug_loc)

.debug_macinfo
 *(.debug_macinfo)

.debug_pubtypes
 *(.debug_pubtypes)

.debug_ranges
 *(.debug_ranges)

.debug_macro
 *(.debug_macro)
OUTPUT(Lab5_UART_Init.elf elf32-avr)
LOAD linker stubs
