Archive member included because of file (symbol)

../libser.a(libser.o)         ./UART.o (uart0_init)
c:/users/dale/desktop/enel317/eclipse/eclipse/mhv avr tools/bin/../lib/gcc/avr/4.7.1/avr5\libgcc.a(_udivmodhi4.o)
                              ../libser.a(libser.o) (__udivmodhi4)
c:/users/dale/desktop/enel317/eclipse/eclipse/mhv avr tools/bin/../lib/gcc/avr/4.7.1/avr5\libgcc.a(_exit.o)
                              c:/users/dale/desktop/enel317/eclipse/eclipse/mhv avr tools/bin/../lib/gcc/avr/4.7.1/../../../../avr/lib/avr5/crtm328p.o (exit)
c:/users/dale/desktop/enel317/eclipse/eclipse/mhv avr tools/bin/../lib/gcc/avr/4.7.1/avr5\libgcc.a(_copy_data.o)
                              ./UART.o (__do_copy_data)
c:/users/dale/desktop/enel317/eclipse/eclipse/mhv avr tools/bin/../lib/gcc/avr/4.7.1/avr5\libgcc.a(_clear_bss.o)
                              ../libser.a(libser.o) (__do_clear_bss)
c:/users/dale/desktop/enel317/eclipse/eclipse/mhv avr tools/bin/../lib/gcc/avr/4.7.1/../../../../avr/lib/avr5\libc.a(snprintf.o)
                              ./UART.o (snprintf)
c:/users/dale/desktop/enel317/eclipse/eclipse/mhv avr tools/bin/../lib/gcc/avr/4.7.1/../../../../avr/lib/avr5\libc.a(vfprintf_std.o)
                              c:/users/dale/desktop/enel317/eclipse/eclipse/mhv avr tools/bin/../lib/gcc/avr/4.7.1/../../../../avr/lib/avr5\libc.a(snprintf.o) (vfprintf)
c:/users/dale/desktop/enel317/eclipse/eclipse/mhv avr tools/bin/../lib/gcc/avr/4.7.1/../../../../avr/lib/avr5\libc.a(strnlen_P.o)
                              c:/users/dale/desktop/enel317/eclipse/eclipse/mhv avr tools/bin/../lib/gcc/avr/4.7.1/../../../../avr/lib/avr5\libc.a(vfprintf_std.o) (strnlen_P)
c:/users/dale/desktop/enel317/eclipse/eclipse/mhv avr tools/bin/../lib/gcc/avr/4.7.1/../../../../avr/lib/avr5\libc.a(strnlen.o)
                              c:/users/dale/desktop/enel317/eclipse/eclipse/mhv avr tools/bin/../lib/gcc/avr/4.7.1/../../../../avr/lib/avr5\libc.a(vfprintf_std.o) (strnlen)
c:/users/dale/desktop/enel317/eclipse/eclipse/mhv avr tools/bin/../lib/gcc/avr/4.7.1/../../../../avr/lib/avr5\libc.a(fputc.o)
                              c:/users/dale/desktop/enel317/eclipse/eclipse/mhv avr tools/bin/../lib/gcc/avr/4.7.1/../../../../avr/lib/avr5\libc.a(vfprintf_std.o) (fputc)
c:/users/dale/desktop/enel317/eclipse/eclipse/mhv avr tools/bin/../lib/gcc/avr/4.7.1/../../../../avr/lib/avr5\libc.a(ultoa_invert.o)
                              c:/users/dale/desktop/enel317/eclipse/eclipse/mhv avr tools/bin/../lib/gcc/avr/4.7.1/../../../../avr/lib/avr5\libc.a(vfprintf_std.o) (__ultoa_invert)
c:/users/dale/desktop/enel317/eclipse/eclipse/mhv avr tools/bin/../lib/gcc/avr/4.7.1/avr5\libgcc.a(_prologue.o)
                              c:/users/dale/desktop/enel317/eclipse/eclipse/mhv avr tools/bin/../lib/gcc/avr/4.7.1/../../../../avr/lib/avr5\libc.a(vfprintf_std.o) (__prologue_saves__)
c:/users/dale/desktop/enel317/eclipse/eclipse/mhv avr tools/bin/../lib/gcc/avr/4.7.1/avr5\libgcc.a(_epilogue.o)
                              c:/users/dale/desktop/enel317/eclipse/eclipse/mhv avr tools/bin/../lib/gcc/avr/4.7.1/../../../../avr/lib/avr5\libc.a(vfprintf_std.o) (__epilogue_restores__)

Memory Configuration

Name             Origin             Length             Attributes
text             0x00000000         0x00020000         xr
data             0x00800060         0x0000ffa0         rw !x
eeprom           0x00810000         0x00010000         rw !x
fuse             0x00820000         0x00000400         rw !x
lock             0x00830000         0x00000400         rw !x
signature        0x00840000         0x00000400         rw !x
*default*        0x00000000         0xffffffff

Linker script and memory map

Address of section .data set to 0x800100
LOAD c:/users/dale/desktop/enel317/eclipse/eclipse/mhv avr tools/bin/../lib/gcc/avr/4.7.1/../../../../avr/lib/avr5/crtm328p.o
LOAD ./UART.o
LOAD ../libmy_lcd.a
LOAD ../libser.a
LOAD c:/users/dale/desktop/enel317/eclipse/eclipse/mhv avr tools/bin/../lib/gcc/avr/4.7.1/avr5\libgcc.a
LOAD c:/users/dale/desktop/enel317/eclipse/eclipse/mhv avr tools/bin/../lib/gcc/avr/4.7.1/../../../../avr/lib/avr5\libc.a
LOAD c:/users/dale/desktop/enel317/eclipse/eclipse/mhv avr tools/bin/../lib/gcc/avr/4.7.1/avr5\libgcc.a

.hash
 *(.hash)

.dynsym
 *(.dynsym)

.dynstr
 *(.dynstr)

.gnu.version
 *(.gnu.version)

.gnu.version_d
 *(.gnu.version_d)

.gnu.version_r
 *(.gnu.version_r)

.rel.init
 *(.rel.init)

.rela.init
 *(.rela.init)

.rel.text
 *(.rel.text)
 *(.rel.text.*)
 *(.rel.gnu.linkonce.t*)

.rela.text
 *(.rela.text)
 *(.rela.text.*)
 *(.rela.gnu.linkonce.t*)

.rel.fini
 *(.rel.fini)

.rela.fini
 *(.rela.fini)

.rel.rodata
 *(.rel.rodata)
 *(.rel.rodata.*)
 *(.rel.gnu.linkonce.r*)

.rela.rodata
 *(.rela.rodata)
 *(.rela.rodata.*)
 *(.rela.gnu.linkonce.r*)

.rel.data
 *(.rel.data)
 *(.rel.data.*)
 *(.rel.gnu.linkonce.d*)

.rela.data
 *(.rela.data)
 *(.rela.data.*)
 *(.rela.gnu.linkonce.d*)

.rel.ctors
 *(.rel.ctors)

.rela.ctors
 *(.rela.ctors)

.rel.dtors
 *(.rel.dtors)

.rela.dtors
 *(.rela.dtors)

.rel.got
 *(.rel.got)

.rela.got
 *(.rela.got)

.rel.bss
 *(.rel.bss)

.rela.bss
 *(.rela.bss)

.rel.plt
 *(.rel.plt)

.rela.plt
 *(.rela.plt)

.text           0x00000000      0x9f2
 *(.vectors)
 .vectors       0x00000000       0x68 c:/users/dale/desktop/enel317/eclipse/eclipse/mhv avr tools/bin/../lib/gcc/avr/4.7.1/../../../../avr/lib/avr5/crtm328p.o
                0x00000000                __vector_default
                0x00000000                __vectors
 *(.vectors)
 *(.progmem.gcc*)
 *(.progmem*)
                0x00000068                . = ALIGN (0x2)
                0x00000068                __trampolines_start = .
 *(.trampolines)
 .trampolines   0x00000068        0x0 linker stubs
 *(.trampolines*)
                0x00000068                __trampolines_end = .
 *(.jumptables)
 *(.jumptables*)
 *(.lowtext)
 *(.lowtext*)
                0x00000068                __ctors_start = .
 *(.ctors)
                0x00000068                __ctors_end = .
                0x00000068                __dtors_start = .
 *(.dtors)
                0x00000068                __dtors_end = .
 SORT(*)(.ctors)
 SORT(*)(.dtors)
 *(.init0)
 .init0         0x00000068        0x0 c:/users/dale/desktop/enel317/eclipse/eclipse/mhv avr tools/bin/../lib/gcc/avr/4.7.1/../../../../avr/lib/avr5/crtm328p.o
                0x00000068                __init
 *(.init0)
 *(.init1)
 *(.init1)
 *(.init2)
 .init2         0x00000068        0xc c:/users/dale/desktop/enel317/eclipse/eclipse/mhv avr tools/bin/../lib/gcc/avr/4.7.1/../../../../avr/lib/avr5/crtm328p.o
 *(.init2)
 *(.init3)
 *(.init3)
 *(.init4)
 .init4         0x00000074       0x16 c:/users/dale/desktop/enel317/eclipse/eclipse/mhv avr tools/bin/../lib/gcc/avr/4.7.1/avr5\libgcc.a(_copy_data.o)
                0x00000074                __do_copy_data
 .init4         0x0000008a       0x10 c:/users/dale/desktop/enel317/eclipse/eclipse/mhv avr tools/bin/../lib/gcc/avr/4.7.1/avr5\libgcc.a(_clear_bss.o)
                0x0000008a                __do_clear_bss
 *(.init4)
 *(.init5)
 *(.init5)
 *(.init6)
 *(.init6)
 *(.init7)
 *(.init7)
 *(.init8)
 *(.init8)
 *(.init9)
 .init9         0x0000009a        0x8 c:/users/dale/desktop/enel317/eclipse/eclipse/mhv avr tools/bin/../lib/gcc/avr/4.7.1/../../../../avr/lib/avr5/crtm328p.o
 *(.init9)
 *(.text)
 .text          0x000000a2        0x4 c:/users/dale/desktop/enel317/eclipse/eclipse/mhv avr tools/bin/../lib/gcc/avr/4.7.1/../../../../avr/lib/avr5/crtm328p.o
                0x000000a2                __vector_22
                0x000000a2                __vector_1
                0x000000a2                __vector_24
                0x000000a2                __vector_12
                0x000000a2                __bad_interrupt
                0x000000a2                __vector_6
                0x000000a2                __vector_3
                0x000000a2                __vector_23
                0x000000a2                __vector_25
                0x000000a2                __vector_11
                0x000000a2                __vector_13
                0x000000a2                __vector_17
                0x000000a2                __vector_7
                0x000000a2                __vector_5
                0x000000a2                __vector_4
                0x000000a2                __vector_9
                0x000000a2                __vector_2
                0x000000a2                __vector_21
                0x000000a2                __vector_15
                0x000000a2                __vector_8
                0x000000a2                __vector_14
                0x000000a2                __vector_10
                0x000000a2                __vector_16
                0x000000a2                __vector_20
 .text          0x000000a6        0x0 ./UART.o
 .text          0x000000a6      0x2c4 ../libser.a(libser.o)
                0x000000a6                uart0_init
                0x000000d6                __vector_18
                0x00000116                uart0_rx_byte
                0x0000015c                __vector_19
                0x000001d2                uart0_tx_byte
                0x00000218                uart0_fgetc
                0x00000238                uart0_fputc
                0x00000268                uart0_gets
                0x000002ba                uart0_gets_echo
                0x0000033c                uart0_puts
 .text          0x0000036a        0x0 c:/users/dale/desktop/enel317/eclipse/eclipse/mhv avr tools/bin/../lib/gcc/avr/4.7.1/avr5\libgcc.a(_udivmodhi4.o)
 .text          0x0000036a        0x0 c:/users/dale/desktop/enel317/eclipse/eclipse/mhv avr tools/bin/../lib/gcc/avr/4.7.1/avr5\libgcc.a(_exit.o)
 .text          0x0000036a        0x0 c:/users/dale/desktop/enel317/eclipse/eclipse/mhv avr tools/bin/../lib/gcc/avr/4.7.1/avr5\libgcc.a(_copy_data.o)
 .text          0x0000036a        0x0 c:/users/dale/desktop/enel317/eclipse/eclipse/mhv avr tools/bin/../lib/gcc/avr/4.7.1/avr5\libgcc.a(_clear_bss.o)
 .text          0x0000036a        0x0 c:/users/dale/desktop/enel317/eclipse/eclipse/mhv avr tools/bin/../lib/gcc/avr/4.7.1/../../../../avr/lib/avr5\libc.a(snprintf.o)
 .text          0x0000036a        0x0 c:/users/dale/desktop/enel317/eclipse/eclipse/mhv avr tools/bin/../lib/gcc/avr/4.7.1/../../../../avr/lib/avr5\libc.a(vfprintf_std.o)
 .text          0x0000036a        0x0 c:/users/dale/desktop/enel317/eclipse/eclipse/mhv avr tools/bin/../lib/gcc/avr/4.7.1/../../../../avr/lib/avr5\libc.a(strnlen_P.o)
 .text          0x0000036a        0x0 c:/users/dale/desktop/enel317/eclipse/eclipse/mhv avr tools/bin/../lib/gcc/avr/4.7.1/../../../../avr/lib/avr5\libc.a(strnlen.o)
 .text          0x0000036a        0x0 c:/users/dale/desktop/enel317/eclipse/eclipse/mhv avr tools/bin/../lib/gcc/avr/4.7.1/../../../../avr/lib/avr5\libc.a(fputc.o)
 .text          0x0000036a        0x0 c:/users/dale/desktop/enel317/eclipse/eclipse/mhv avr tools/bin/../lib/gcc/avr/4.7.1/../../../../avr/lib/avr5\libc.a(ultoa_invert.o)
 .text          0x0000036a        0x0 c:/users/dale/desktop/enel317/eclipse/eclipse/mhv avr tools/bin/../lib/gcc/avr/4.7.1/avr5\libgcc.a(_prologue.o)
 .text          0x0000036a        0x0 c:/users/dale/desktop/enel317/eclipse/eclipse/mhv avr tools/bin/../lib/gcc/avr/4.7.1/avr5\libgcc.a(_epilogue.o)
                0x0000036a                . = ALIGN (0x2)
 *(.text.*)
 .text.startup.main
                0x0000036a       0x72 ./UART.o
                0x0000036a                main
 .text.libgcc.mul
                0x000003dc        0x0 c:/users/dale/desktop/enel317/eclipse/eclipse/mhv avr tools/bin/../lib/gcc/avr/4.7.1/avr5\libgcc.a(_udivmodhi4.o)
 .text.libgcc.div
                0x000003dc       0x28 c:/users/dale/desktop/enel317/eclipse/eclipse/mhv avr tools/bin/../lib/gcc/avr/4.7.1/avr5\libgcc.a(_udivmodhi4.o)
                0x000003dc                __udivmodhi4
 .text.libgcc   0x00000404        0x0 c:/users/dale/desktop/enel317/eclipse/eclipse/mhv avr tools/bin/../lib/gcc/avr/4.7.1/avr5\libgcc.a(_udivmodhi4.o)
 .text.libgcc.prologue
                0x00000404        0x0 c:/users/dale/desktop/enel317/eclipse/eclipse/mhv avr tools/bin/../lib/gcc/avr/4.7.1/avr5\libgcc.a(_udivmodhi4.o)
 .text.libgcc.builtins
                0x00000404        0x0 c:/users/dale/desktop/enel317/eclipse/eclipse/mhv avr tools/bin/../lib/gcc/avr/4.7.1/avr5\libgcc.a(_udivmodhi4.o)
 .text.libgcc.fmul
                0x00000404        0x0 c:/users/dale/desktop/enel317/eclipse/eclipse/mhv avr tools/bin/../lib/gcc/avr/4.7.1/avr5\libgcc.a(_udivmodhi4.o)
 .text.libgcc.mul
                0x00000404        0x0 c:/users/dale/desktop/enel317/eclipse/eclipse/mhv avr tools/bin/../lib/gcc/avr/4.7.1/avr5\libgcc.a(_exit.o)
 .text.libgcc.div
                0x00000404        0x0 c:/users/dale/desktop/enel317/eclipse/eclipse/mhv avr tools/bin/../lib/gcc/avr/4.7.1/avr5\libgcc.a(_exit.o)
 .text.libgcc   0x00000404        0x0 c:/users/dale/desktop/enel317/eclipse/eclipse/mhv avr tools/bin/../lib/gcc/avr/4.7.1/avr5\libgcc.a(_exit.o)
 .text.libgcc.prologue
                0x00000404        0x0 c:/users/dale/desktop/enel317/eclipse/eclipse/mhv avr tools/bin/../lib/gcc/avr/4.7.1/avr5\libgcc.a(_exit.o)
 .text.libgcc.builtins
                0x00000404        0x0 c:/users/dale/desktop/enel317/eclipse/eclipse/mhv avr tools/bin/../lib/gcc/avr/4.7.1/avr5\libgcc.a(_exit.o)
 .text.libgcc.fmul
                0x00000404        0x0 c:/users/dale/desktop/enel317/eclipse/eclipse/mhv avr tools/bin/../lib/gcc/avr/4.7.1/avr5\libgcc.a(_exit.o)
 .text.libgcc.mul
                0x00000404        0x0 c:/users/dale/desktop/enel317/eclipse/eclipse/mhv avr tools/bin/../lib/gcc/avr/4.7.1/avr5\libgcc.a(_copy_data.o)
 .text.libgcc.div
                0x00000404        0x0 c:/users/dale/desktop/enel317/eclipse/eclipse/mhv avr tools/bin/../lib/gcc/avr/4.7.1/avr5\libgcc.a(_copy_data.o)
 .text.libgcc   0x00000404        0x0 c:/users/dale/desktop/enel317/eclipse/eclipse/mhv avr tools/bin/../lib/gcc/avr/4.7.1/avr5\libgcc.a(_copy_data.o)
 .text.libgcc.prologue
                0x00000404        0x0 c:/users/dale/desktop/enel317/eclipse/eclipse/mhv avr tools/bin/../lib/gcc/avr/4.7.1/avr5\libgcc.a(_copy_data.o)
 .text.libgcc.builtins
                0x00000404        0x0 c:/users/dale/desktop/enel317/eclipse/eclipse/mhv avr tools/bin/../lib/gcc/avr/4.7.1/avr5\libgcc.a(_copy_data.o)
 .text.libgcc.fmul
                0x00000404        0x0 c:/users/dale/desktop/enel317/eclipse/eclipse/mhv avr tools/bin/../lib/gcc/avr/4.7.1/avr5\libgcc.a(_copy_data.o)
 .text.libgcc.mul
                0x00000404        0x0 c:/users/dale/desktop/enel317/eclipse/eclipse/mhv avr tools/bin/../lib/gcc/avr/4.7.1/avr5\libgcc.a(_clear_bss.o)
 .text.libgcc.div
                0x00000404        0x0 c:/users/dale/desktop/enel317/eclipse/eclipse/mhv avr tools/bin/../lib/gcc/avr/4.7.1/avr5\libgcc.a(_clear_bss.o)
 .text.libgcc   0x00000404        0x0 c:/users/dale/desktop/enel317/eclipse/eclipse/mhv avr tools/bin/../lib/gcc/avr/4.7.1/avr5\libgcc.a(_clear_bss.o)
 .text.libgcc.prologue
                0x00000404        0x0 c:/users/dale/desktop/enel317/eclipse/eclipse/mhv avr tools/bin/../lib/gcc/avr/4.7.1/avr5\libgcc.a(_clear_bss.o)
 .text.libgcc.builtins
                0x00000404        0x0 c:/users/dale/desktop/enel317/eclipse/eclipse/mhv avr tools/bin/../lib/gcc/avr/4.7.1/avr5\libgcc.a(_clear_bss.o)
 .text.libgcc.fmul
                0x00000404        0x0 c:/users/dale/desktop/enel317/eclipse/eclipse/mhv avr tools/bin/../lib/gcc/avr/4.7.1/avr5\libgcc.a(_clear_bss.o)
 .text.avr-libc
                0x00000404       0x7a c:/users/dale/desktop/enel317/eclipse/eclipse/mhv avr tools/bin/../lib/gcc/avr/4.7.1/../../../../avr/lib/avr5\libc.a(snprintf.o)
                0x00000404                snprintf
 .text.avr-libc
                0x0000047e      0x3ae c:/users/dale/desktop/enel317/eclipse/eclipse/mhv avr tools/bin/../lib/gcc/avr/4.7.1/../../../../avr/lib/avr5\libc.a(vfprintf_std.o)
                0x0000047e                vfprintf
 .text.avr-libc
                0x0000082c       0x16 c:/users/dale/desktop/enel317/eclipse/eclipse/mhv avr tools/bin/../lib/gcc/avr/4.7.1/../../../../avr/lib/avr5\libc.a(strnlen_P.o)
                0x0000082c                strnlen_P
 .text.avr-libc
                0x00000842       0x16 c:/users/dale/desktop/enel317/eclipse/eclipse/mhv avr tools/bin/../lib/gcc/avr/4.7.1/../../../../avr/lib/avr5\libc.a(strnlen.o)
                0x00000842                strnlen
 .text.avr-libc
                0x00000858       0x6c c:/users/dale/desktop/enel317/eclipse/eclipse/mhv avr tools/bin/../lib/gcc/avr/4.7.1/../../../../avr/lib/avr5\libc.a(fputc.o)
                0x00000858                fputc
 .text.avr-libc
                0x000008c4       0xbc c:/users/dale/desktop/enel317/eclipse/eclipse/mhv avr tools/bin/../lib/gcc/avr/4.7.1/../../../../avr/lib/avr5\libc.a(ultoa_invert.o)
                0x000008c4                __ultoa_invert
 .text.libgcc.mul
                0x00000980        0x0 c:/users/dale/desktop/enel317/eclipse/eclipse/mhv avr tools/bin/../lib/gcc/avr/4.7.1/avr5\libgcc.a(_prologue.o)
 .text.libgcc.div
                0x00000980        0x0 c:/users/dale/desktop/enel317/eclipse/eclipse/mhv avr tools/bin/../lib/gcc/avr/4.7.1/avr5\libgcc.a(_prologue.o)
 .text.libgcc   0x00000980        0x0 c:/users/dale/desktop/enel317/eclipse/eclipse/mhv avr tools/bin/../lib/gcc/avr/4.7.1/avr5\libgcc.a(_prologue.o)
 .text.libgcc.prologue
                0x00000980       0x38 c:/users/dale/desktop/enel317/eclipse/eclipse/mhv avr tools/bin/../lib/gcc/avr/4.7.1/avr5\libgcc.a(_prologue.o)
                0x00000980                __prologue_saves__
 .text.libgcc.builtins
                0x000009b8        0x0 c:/users/dale/desktop/enel317/eclipse/eclipse/mhv avr tools/bin/../lib/gcc/avr/4.7.1/avr5\libgcc.a(_prologue.o)
 .text.libgcc.fmul
                0x000009b8        0x0 c:/users/dale/desktop/enel317/eclipse/eclipse/mhv avr tools/bin/../lib/gcc/avr/4.7.1/avr5\libgcc.a(_prologue.o)
 .text.libgcc.mul
                0x000009b8        0x0 c:/users/dale/desktop/enel317/eclipse/eclipse/mhv avr tools/bin/../lib/gcc/avr/4.7.1/avr5\libgcc.a(_epilogue.o)
 .text.libgcc.div
                0x000009b8        0x0 c:/users/dale/desktop/enel317/eclipse/eclipse/mhv avr tools/bin/../lib/gcc/avr/4.7.1/avr5\libgcc.a(_epilogue.o)
 .text.libgcc   0x000009b8        0x0 c:/users/dale/desktop/enel317/eclipse/eclipse/mhv avr tools/bin/../lib/gcc/avr/4.7.1/avr5\libgcc.a(_epilogue.o)
 .text.libgcc.prologue
                0x000009b8       0x36 c:/users/dale/desktop/enel317/eclipse/eclipse/mhv avr tools/bin/../lib/gcc/avr/4.7.1/avr5\libgcc.a(_epilogue.o)
                0x000009b8                __epilogue_restores__
 .text.libgcc.builtins
                0x000009ee        0x0 c:/users/dale/desktop/enel317/eclipse/eclipse/mhv avr tools/bin/../lib/gcc/avr/4.7.1/avr5\libgcc.a(_epilogue.o)
 .text.libgcc.fmul
                0x000009ee        0x0 c:/users/dale/desktop/enel317/eclipse/eclipse/mhv avr tools/bin/../lib/gcc/avr/4.7.1/avr5\libgcc.a(_epilogue.o)
                0x000009ee                . = ALIGN (0x2)
 *(.fini9)
 .fini9         0x000009ee        0x0 c:/users/dale/desktop/enel317/eclipse/eclipse/mhv avr tools/bin/../lib/gcc/avr/4.7.1/avr5\libgcc.a(_exit.o)
                0x000009ee                _exit
                0x000009ee                exit
 *(.fini9)
 *(.fini8)
 *(.fini8)
 *(.fini7)
 *(.fini7)
 *(.fini6)
 *(.fini6)
 *(.fini5)
 *(.fini5)
 *(.fini4)
 *(.fini4)
 *(.fini3)
 *(.fini3)
 *(.fini2)
 *(.fini2)
 *(.fini1)
 *(.fini1)
 *(.fini0)
 .fini0         0x000009ee        0x4 c:/users/dale/desktop/enel317/eclipse/eclipse/mhv avr tools/bin/../lib/gcc/avr/4.7.1/avr5\libgcc.a(_exit.o)
 *(.fini0)
                0x000009f2                _etext = .

.data           0x00800100        0x6 load address 0x000009f2
                0x00800100                PROVIDE (__data_start, .)
 *(.data)
 .data          0x00800100        0x0 c:/users/dale/desktop/enel317/eclipse/eclipse/mhv avr tools/bin/../lib/gcc/avr/4.7.1/../../../../avr/lib/avr5/crtm328p.o
 .data          0x00800100        0x0 ./UART.o
 .data          0x00800100        0x0 ../libser.a(libser.o)
 .data          0x00800100        0x0 c:/users/dale/desktop/enel317/eclipse/eclipse/mhv avr tools/bin/../lib/gcc/avr/4.7.1/avr5\libgcc.a(_udivmodhi4.o)
 .data          0x00800100        0x0 c:/users/dale/desktop/enel317/eclipse/eclipse/mhv avr tools/bin/../lib/gcc/avr/4.7.1/avr5\libgcc.a(_exit.o)
 .data          0x00800100        0x0 c:/users/dale/desktop/enel317/eclipse/eclipse/mhv avr tools/bin/../lib/gcc/avr/4.7.1/avr5\libgcc.a(_copy_data.o)
 .data          0x00800100        0x0 c:/users/dale/desktop/enel317/eclipse/eclipse/mhv avr tools/bin/../lib/gcc/avr/4.7.1/avr5\libgcc.a(_clear_bss.o)
 .data          0x00800100        0x0 c:/users/dale/desktop/enel317/eclipse/eclipse/mhv avr tools/bin/../lib/gcc/avr/4.7.1/../../../../avr/lib/avr5\libc.a(snprintf.o)
 .data          0x00800100        0x0 c:/users/dale/desktop/enel317/eclipse/eclipse/mhv avr tools/bin/../lib/gcc/avr/4.7.1/../../../../avr/lib/avr5\libc.a(vfprintf_std.o)
 .data          0x00800100        0x0 c:/users/dale/desktop/enel317/eclipse/eclipse/mhv avr tools/bin/../lib/gcc/avr/4.7.1/../../../../avr/lib/avr5\libc.a(strnlen_P.o)
 .data          0x00800100        0x0 c:/users/dale/desktop/enel317/eclipse/eclipse/mhv avr tools/bin/../lib/gcc/avr/4.7.1/../../../../avr/lib/avr5\libc.a(strnlen.o)
 .data          0x00800100        0x0 c:/users/dale/desktop/enel317/eclipse/eclipse/mhv avr tools/bin/../lib/gcc/avr/4.7.1/../../../../avr/lib/avr5\libc.a(fputc.o)
 .data          0x00800100        0x0 c:/users/dale/desktop/enel317/eclipse/eclipse/mhv avr tools/bin/../lib/gcc/avr/4.7.1/../../../../avr/lib/avr5\libc.a(ultoa_invert.o)
 .data          0x00800100        0x0 c:/users/dale/desktop/enel317/eclipse/eclipse/mhv avr tools/bin/../lib/gcc/avr/4.7.1/avr5\libgcc.a(_prologue.o)
 .data          0x00800100        0x0 c:/users/dale/desktop/enel317/eclipse/eclipse/mhv avr tools/bin/../lib/gcc/avr/4.7.1/avr5\libgcc.a(_epilogue.o)
 *(.data*)
 *(.rodata)
 *(.rodata*)
 .rodata.str1.1
                0x00800100        0x5 ./UART.o
 *(.gnu.linkonce.d*)
                0x00800106                . = ALIGN (0x2)
 *fill*         0x00800105        0x1 
                0x00800106                _edata = .
                0x00800106                PROVIDE (__data_end, .)

.bss            0x00800106       0x22
                0x00800106                PROVIDE (__bss_start, .)
 *(.bss)
 .bss           0x00800106        0x0 c:/users/dale/desktop/enel317/eclipse/eclipse/mhv avr tools/bin/../lib/gcc/avr/4.7.1/../../../../avr/lib/avr5/crtm328p.o
 .bss           0x00800106        0x0 ./UART.o
 .bss           0x00800106       0x22 ../libser.a(libser.o)
 .bss           0x00800128        0x0 c:/users/dale/desktop/enel317/eclipse/eclipse/mhv avr tools/bin/../lib/gcc/avr/4.7.1/avr5\libgcc.a(_udivmodhi4.o)
 .bss           0x00800128        0x0 c:/users/dale/desktop/enel317/eclipse/eclipse/mhv avr tools/bin/../lib/gcc/avr/4.7.1/avr5\libgcc.a(_exit.o)
 .bss           0x00800128        0x0 c:/users/dale/desktop/enel317/eclipse/eclipse/mhv avr tools/bin/../lib/gcc/avr/4.7.1/avr5\libgcc.a(_copy_data.o)
 .bss           0x00800128        0x0 c:/users/dale/desktop/enel317/eclipse/eclipse/mhv avr tools/bin/../lib/gcc/avr/4.7.1/avr5\libgcc.a(_clear_bss.o)
 .bss           0x00800128        0x0 c:/users/dale/desktop/enel317/eclipse/eclipse/mhv avr tools/bin/../lib/gcc/avr/4.7.1/../../../../avr/lib/avr5\libc.a(snprintf.o)
 .bss           0x00800128        0x0 c:/users/dale/desktop/enel317/eclipse/eclipse/mhv avr tools/bin/../lib/gcc/avr/4.7.1/../../../../avr/lib/avr5\libc.a(vfprintf_std.o)
 .bss           0x00800128        0x0 c:/users/dale/desktop/enel317/eclipse/eclipse/mhv avr tools/bin/../lib/gcc/avr/4.7.1/../../../../avr/lib/avr5\libc.a(strnlen_P.o)
 .bss           0x00800128        0x0 c:/users/dale/desktop/enel317/eclipse/eclipse/mhv avr tools/bin/../lib/gcc/avr/4.7.1/../../../../avr/lib/avr5\libc.a(strnlen.o)
 .bss           0x00800128        0x0 c:/users/dale/desktop/enel317/eclipse/eclipse/mhv avr tools/bin/../lib/gcc/avr/4.7.1/../../../../avr/lib/avr5\libc.a(fputc.o)
 .bss           0x00800128        0x0 c:/users/dale/desktop/enel317/eclipse/eclipse/mhv avr tools/bin/../lib/gcc/avr/4.7.1/../../../../avr/lib/avr5\libc.a(ultoa_invert.o)
 .bss           0x00800128        0x0 c:/users/dale/desktop/enel317/eclipse/eclipse/mhv avr tools/bin/../lib/gcc/avr/4.7.1/avr5\libgcc.a(_prologue.o)
 .bss           0x00800128        0x0 c:/users/dale/desktop/enel317/eclipse/eclipse/mhv avr tools/bin/../lib/gcc/avr/4.7.1/avr5\libgcc.a(_epilogue.o)
 *(.bss*)
 *(COMMON)
                0x00800128                PROVIDE (__bss_end, .)
                0x000009f2                __data_load_start = LOADADDR (.data)
                0x000009f8                __data_load_end = (__data_load_start + SIZEOF (.data))

.noinit         0x00800128        0x0
                0x00800128                PROVIDE (__noinit_start, .)
 *(.noinit*)
                0x00800128                PROVIDE (__noinit_end, .)
                0x00800128                _end = .
                0x00800128                PROVIDE (__heap_start, .)

.eeprom         0x00810000        0x0
 *(.eeprom*)
                0x00810000                __eeprom_end = .

.fuse
 *(.fuse)
 *(.lfuse)
 *(.hfuse)
 *(.efuse)

.lock
 *(.lock*)

.signature
 *(.signature*)

.stab
 *(.stab)

.stabstr
 *(.stabstr)

.stab.excl
 *(.stab.excl)

.stab.exclstr
 *(.stab.exclstr)

.stab.index
 *(.stab.index)

.stab.indexstr
 *(.stab.indexstr)

.comment        0x00000000       0x22
 *(.comment)
 .comment       0x00000000       0x11 ./UART.o
                                 0x12 (size before relaxing)
 .comment       0x00000011       0x11 ../libser.a(libser.o)
                                 0x12 (size before relaxing)
 .comment       0x00000000       0x12 c:/users/dale/desktop/enel317/eclipse/eclipse/mhv avr tools/bin/../lib/gcc/avr/4.7.1/../../../../avr/lib/avr5\libc.a(snprintf.o)
 .comment       0x00000000       0x12 c:/users/dale/desktop/enel317/eclipse/eclipse/mhv avr tools/bin/../lib/gcc/avr/4.7.1/../../../../avr/lib/avr5\libc.a(vfprintf_std.o)
 .comment       0x00000000       0x12 c:/users/dale/desktop/enel317/eclipse/eclipse/mhv avr tools/bin/../lib/gcc/avr/4.7.1/../../../../avr/lib/avr5\libc.a(fputc.o)

.debug
 *(.debug)

.line
 *(.line)

.debug_srcinfo
 *(.debug_srcinfo)

.debug_sfnames
 *(.debug_sfnames)

.debug_aranges
 *(.debug_aranges)

.debug_pubnames
 *(.debug_pubnames)

.debug_info
 *(.debug_info)
 *(.gnu.linkonce.wi.*)

.debug_abbrev
 *(.debug_abbrev)

.debug_line
 *(.debug_line)

.debug_frame
 *(.debug_frame)

.debug_str
 *(.debug_str)

.debug_loc
 *(.debug_loc)

.debug_macinfo
 *(.debug_macinfo)

.debug_pubtypes
 *(.debug_pubtypes)

.debug_ranges
 *(.debug_ranges)

.debug_macro
 *(.debug_macro)
OUTPUT(Lab5_UART.elf elf32-avr)
LOAD linker stubs
